2026-06-29 20:17:10,892 = logging_tool-INFO-Logging is working
2026-06-29 20:17:32,019 = logging_tool-INFO-Logging is working
2026-06-29 20:32:16,096 = logging_tool-INFO-Scanning items
2026-06-29 20:32:16,096 = logging_tool-INFO-Scanning items
2026-06-29 20:32:16,097 = logging_tool-INFO-Scanning items
2026-06-29 20:34:10,425 = logging_tool-INFO-Scanning items in .
2026-06-29 20:34:10,425 = logging_tool-INFO-Scanning items in .
2026-06-29 20:34:10,426 = logging_tool-INFO-Scanning items in .
2026-06-29 20:35:44,728 = logging_tool-INFO-Scanning items in C:\Users\Patrick\PycharmProjects\PythonProject\Python\FileManipulation\scratch-folder
2026-06-29 20:35:44,728 = logging_tool-INFO-Scanning items in C:\Users\Patrick\PycharmProjects\PythonProject\Python\FileManipulation\scratch-folder
2026-06-29 20:35:44,729 = logging_tool-INFO-Scanning items in C:\Users\Patrick\PycharmProjects\PythonProject\Python\FileManipulation\scratch-folder
2026-06-29 20:36:23,438 = logging_tool-INFO-Scanning items in C:\Users\Patrick\PycharmProjects\PythonProject\Python\FileManipulation\scratch-folder
2026-06-29 20:38:17,902 = logging_tool-INFO-Scanning items in C:\Users\Patrick\PycharmProjects\PythonProject\Python\FileManipulation\scratch-folder
2026-06-29 20:50:54,771 = logging_tool-INFO-Scanning items in C:\Users\Patrick\PycharmProjects\PythonProject\Python\FileManipulation\scratch-folder
2026-06-29 20:56:22,978 = logging_tool-INFO-Scanning items in C:\Users\Patrick\PycharmProjects\PythonProject\Python\FileManipulation\scratch-folder
2026-06-29 20:57:47,060 = logging_tool-INFO-Scanning items in C:\Users\Patrick\PycharmProjects\PythonProject\Python\FileManipulation\scratch-folder
2026-06-29 20:57:55,618 = logging_tool-INFO-Scanning items in C:\Users\Patrick\PycharmProjects\PythonProject\Python\FileManipulation\scratch-folder
2026-06-29 21:08:29,997 = logging_tool-INFO-Scanning items in C:\Users\Patrick\PycharmProjects\PythonProject\Python\FileManipulation\scratch-folder
2026-06-29 21:10:13,675 = logging_tool-INFO-Scanning items in C:\Users\Patrick\PycharmProjects\PythonProject\Python\FileManipulation\scratch-folder
2026-06-29 21:10:17,356 = logging_tool-INFO-Gathering user input
2026-06-29 21:21:54,331 = logging_tool-INFO-Obtaining user input
2026-06-29 21:21:54,332 = logging_tool-INFO-sanitizing user input for directory
2026-06-29 21:21:54,332 = logging_tool-INFO-checking if C:\Users is valid..
2026-06-29 21:22:36,586 = logging_tool-INFO-Obtaining user input
2026-06-29 21:22:36,587 = logging_tool-INFO-sanitizing user input for directory
2026-06-29 21:22:36,587 = logging_tool-INFO-checking if C:\Users is valid..
2026-06-29 21:25:08,000 = logging_tool-INFO-Obtaining user input
2026-06-29 21:25:08,001 = logging_tool-INFO-sanitizing user input for directory
2026-06-29 21:25:08,001 = logging_tool-INFO-checking if C:\Users is valid..
2026-06-29 21:25:08,001 = logging_tool-INFO-Valid directory found, changing directory
2026-06-29 21:26:42,768 = logging_tool-INFO-Obtaining user input
2026-06-29 21:26:42,769 = logging_tool-INFO-sanitizing user input for directory
2026-06-29 21:26:42,769 = logging_tool-INFO-checking if C:\Users is valid..
2026-06-29 21:26:42,769 = logging_tool-INFO-Valid directory found, changing directory
2026-06-29 21:42:15,703 = logging_tool-INFO-Obtaining user input
2026-06-29 21:42:15,703 = logging_tool-INFO-sanitizing user input for directory
2026-06-29 21:42:22,567 = logging_tool-INFO-checking if C:\Users is valid..
2026-06-29 21:42:22,567 = logging_tool-INFO-Valid directory found, changing directory
2026-06-29 21:42:27,843 = logging_tool-INFO-Obtaining user input
2026-06-29 21:42:27,843 = logging_tool-INFO-sanitizing user input for directory
2026-06-29 21:42:34,449 = logging_tool-INFO-checking if V:\4 is valid..
2026-06-29 21:42:34,449 = logging_tool-WARNING-Invalid path
2026-06-29 21:42:39,291 = logging_tool-INFO-checking if F:\ is valid..
2026-06-29 21:42:39,292 = logging_tool-INFO-Valid directory found, changing directory
2026-06-29 21:48:08,797 = logging_tool-INFO-Obtaining user input
2026-06-29 21:48:08,797 = logging_tool-INFO-sanitizing user input for directory
2026-06-29 21:48:18,426 = logging_tool-INFO-checking if C:\Users is valid..
2026-06-29 21:48:18,426 = logging_tool-INFO-Valid directory found, changing directory
2026-06-29 22:04:56,742 = logging_tool-INFO-Obtaining user input
2026-06-29 22:04:56,742 = logging_tool-INFO-sanitizing user input for directory
2026-06-29 22:05:03,918 = logging_tool-INFO-checking if C:\Users is valid..
2026-06-29 22:05:03,919 = logging_tool-INFO-Valid directory found, changing directory
2026-06-29 22:05:03,919 = logging_tool-INFO-Awaiting user input
2026-06-29 22:10:13,937 = logging_tool-INFO-Obtaining user input
2026-06-29 22:10:13,938 = logging_tool-INFO-sanitizing user input for directory
2026-06-29 22:10:20,377 = logging_tool-INFO-checking if C:\Users is valid..
2026-06-29 22:10:20,377 = logging_tool-INFO-Valid directory found, changing directory
2026-06-29 22:10:22,868 = logging_tool-INFO-Awaiting user input
2026-06-29 22:10:22,868 = logging_tool-INFO-Successfully printed directories/folders...
2026-06-29 22:16:09,697 = logging_tool-INFO-Obtaining user input
2026-06-29 22:16:09,697 = logging_tool-INFO-sanitizing user input for directory
2026-06-29 22:16:54,232 = logging_tool-INFO-Obtaining user input
2026-06-29 22:16:54,233 = logging_tool-INFO-sanitizing user input for directory
2026-06-29 22:17:06,779 = logging_tool-INFO-checking if C:\Users is valid..
2026-06-29 22:17:06,780 = logging_tool-INFO-Valid directory found, changing directory
2026-06-29 22:17:09,311 = logging_tool-INFO-Awaiting user input
2026-06-29 22:17:09,311 = logging_tool-INFO-Attempting to list all files in current directory
2026-06-29 22:17:29,812 = logging_tool-INFO-Obtaining user input
2026-06-29 22:17:29,812 = logging_tool-INFO-sanitizing user input for directory
2026-06-29 22:17:37,743 = logging_tool-INFO-checking if C:\Users\Patrick is valid..
2026-06-29 22:17:37,744 = logging_tool-INFO-Valid directory found, changing directory
2026-06-29 22:17:40,385 = logging_tool-INFO-Awaiting user input
2026-06-29 22:17:40,385 = logging_tool-INFO-Attempting to list all files in current directory
